USO
mod2	29
DEF
REAL

12 30 30 29 31 29 32 30 32 32 32 31 30 30 4 5 0 2 0 0 0 